[2022-02-18T21:06:58.815+0700][gc,heap] Heap region size: 1M
[2022-02-18T21:06:58.822+0700][gc     ] Using G1
[2022-02-18T21:06:58.822+0700][gc,heap,coops] Heap address: 0x00000000c0000000, size: 1024 MB, Compressed Oops mode: 32-bit
[2022-02-18T21:07:00.327+0700][gc,start     ] GC(0) Pause Young (Normal) (G1 Evacuation Pause)
[2022-02-18T21:07:00.327+0700][gc,task      ] GC(0) Using 1 workers of 1 for evacuation
[2022-02-18T21:07:00.366+0700][gc,mmu       ] GC(0) MMU target violated: 21.0ms (20.0ms/21.0ms)
[2022-02-18T21:07:00.366+0700][gc,phases    ] GC(0)   Pre Evacuate Collection Set: 0.0ms
[2022-02-18T21:07:00.366+0700][gc,phases    ] GC(0)   Evacuate Collection Set: 38.9ms
[2022-02-18T21:07:00.366+0700][gc,phases    ] GC(0)   Post Evacuate Collection Set: 0.4ms
[2022-02-18T21:07:00.366+0700][gc,phases    ] GC(0)   Other: 0.2ms
[2022-02-18T21:07:00.366+0700][gc,heap      ] GC(0) Eden regions: 51->0(44)
[2022-02-18T21:07:00.366+0700][gc,heap      ] GC(0) Survivor regions: 0->7(7)
[2022-02-18T21:07:00.366+0700][gc,heap      ] GC(0) Old regions: 0->0
[2022-02-18T21:07:00.366+0700][gc,heap      ] GC(0) Humongous regions: 0->0
[2022-02-18T21:07:00.366+0700][gc,metaspace ] GC(0) Metaspace: 15404K->15404K(1062912K)
[2022-02-18T21:07:00.366+0700][gc           ] GC(0) Pause Young (Normal) (G1 Evacuation Pause) 51M->6M(1024M) 39.542ms
[2022-02-18T21:07:00.366+0700][gc,cpu       ] GC(0) User=0.01s Sys=0.00s Real=0.04s
[2022-02-18T21:07:00.861+0700][gc,start     ] GC(1) Pause Young (Concurrent Start) (Metadata GC Threshold)
[2022-02-18T21:07:00.861+0700][gc,task      ] GC(1) Using 1 workers of 1 for evacuation
[2022-02-18T21:07:00.890+0700][gc,mmu       ] GC(1) MMU target violated: 21.0ms (20.0ms/21.0ms)
[2022-02-18T21:07:00.890+0700][gc,phases    ] GC(1)   Pre Evacuate Collection Set: 0.1ms
[2022-02-18T21:07:00.890+0700][gc,phases    ] GC(1)   Evacuate Collection Set: 28.9ms
[2022-02-18T21:07:00.890+0700][gc,phases    ] GC(1)   Post Evacuate Collection Set: 0.3ms
[2022-02-18T21:07:00.890+0700][gc,phases    ] GC(1)   Other: 0.3ms
[2022-02-18T21:07:00.890+0700][gc,heap      ] GC(1) Eden regions: 22->0(50)
[2022-02-18T21:07:00.890+0700][gc,heap      ] GC(1) Survivor regions: 7->1(7)
[2022-02-18T21:07:00.890+0700][gc,heap      ] GC(1) Old regions: 0->7
[2022-02-18T21:07:00.890+0700][gc,heap      ] GC(1) Humongous regions: 0->0
[2022-02-18T21:07:00.890+0700][gc,metaspace ] GC(1) Metaspace: 20581K->20581K(1067008K)
[2022-02-18T21:07:00.890+0700][gc           ] GC(1) Pause Young (Concurrent Start) (Metadata GC Threshold) 28M->7M(1024M) 29.566ms
[2022-02-18T21:07:00.890+0700][gc,cpu       ] GC(1) User=0.02s Sys=0.00s Real=0.03s
[2022-02-18T21:07:00.891+0700][gc           ] GC(2) Concurrent Cycle
[2022-02-18T21:07:00.891+0700][gc,marking   ] GC(2) Concurrent Clear Claimed Marks
[2022-02-18T21:07:00.891+0700][gc,marking   ] GC(2) Concurrent Clear Claimed Marks 0.046ms
[2022-02-18T21:07:00.891+0700][gc,marking   ] GC(2) Concurrent Scan Root Regions
[2022-02-18T21:07:00.892+0700][gc,marking   ] GC(2) Concurrent Scan Root Regions 1.156ms
[2022-02-18T21:07:00.892+0700][gc,marking   ] GC(2) Concurrent Mark (2.079s)
[2022-02-18T21:07:00.892+0700][gc,marking   ] GC(2) Concurrent Mark From Roots
[2022-02-18T21:07:00.892+0700][gc,task      ] GC(2) Using 1 workers of 1 for marking
[2022-02-18T21:07:00.909+0700][gc,marking   ] GC(2) Concurrent Mark From Roots 17.523ms
[2022-02-18T21:07:00.909+0700][gc,marking   ] GC(2) Concurrent Preclean
[2022-02-18T21:07:00.910+0700][gc,marking   ] GC(2) Concurrent Preclean 0.215ms
[2022-02-18T21:07:00.910+0700][gc,marking   ] GC(2) Concurrent Mark (2.079s, 2.097s) 17.798ms
[2022-02-18T21:07:00.912+0700][gc,start     ] GC(2) Pause Remark
[2022-02-18T21:07:00.916+0700][gc,stringtable] GC(2) Cleaned string and symbol table, strings: 8962 processed, 0 removed, symbols: 51014 processed, 58 removed
[2022-02-18T21:07:00.916+0700][gc            ] GC(2) Pause Remark 8M->8M(1024M) 4.500ms
[2022-02-18T21:07:00.916+0700][gc,cpu        ] GC(2) User=0.00s Sys=0.00s Real=0.00s
[2022-02-18T21:07:00.916+0700][gc,marking    ] GC(2) Concurrent Rebuild Remembered Sets
[2022-02-18T21:07:00.920+0700][gc,marking    ] GC(2) Concurrent Rebuild Remembered Sets 3.234ms
[2022-02-18T21:07:00.920+0700][gc,start      ] GC(2) Pause Cleanup
[2022-02-18T21:07:00.920+0700][gc            ] GC(2) Pause Cleanup 8M->8M(1024M) 0.123ms
[2022-02-18T21:07:00.920+0700][gc,cpu        ] GC(2) User=0.00s Sys=0.00s Real=0.00s
[2022-02-18T21:07:00.920+0700][gc,marking    ] GC(2) Concurrent Cleanup for Next Mark
[2022-02-18T21:07:00.957+0700][gc,marking    ] GC(2) Concurrent Cleanup for Next Mark 37.648ms
[2022-02-18T21:07:00.957+0700][gc            ] GC(2) Concurrent Cycle 66.994ms
[2022-02-18T21:07:02.173+0700][gc,start      ] GC(3) Pause Young (Normal) (G1 Evacuation Pause)
[2022-02-18T21:07:02.173+0700][gc,task       ] GC(3) Using 1 workers of 1 for evacuation
[2022-02-18T21:07:02.184+0700][gc,phases     ] GC(3)   Pre Evacuate Collection Set: 0.0ms
[2022-02-18T21:07:02.184+0700][gc,phases     ] GC(3)   Evacuate Collection Set: 8.5ms
[2022-02-18T21:07:02.184+0700][gc,phases     ] GC(3)   Post Evacuate Collection Set: 2.9ms
[2022-02-18T21:07:02.184+0700][gc,phases     ] GC(3)   Other: 0.2ms
[2022-02-18T21:07:02.184+0700][gc,heap       ] GC(3) Eden regions: 50->0(47)
[2022-02-18T21:07:02.184+0700][gc,heap       ] GC(3) Survivor regions: 1->4(7)
[2022-02-18T21:07:02.184+0700][gc,heap       ] GC(3) Old regions: 7->7
[2022-02-18T21:07:02.184+0700][gc,heap       ] GC(3) Humongous regions: 129->129
[2022-02-18T21:07:02.184+0700][gc,metaspace  ] GC(3) Metaspace: 29459K->29459K(1075200K)
[2022-02-18T21:07:02.184+0700][gc            ] GC(3) Pause Young (Normal) (G1 Evacuation Pause) 186M->139M(1024M) 11.788ms
[2022-02-18T21:07:02.184+0700][gc,cpu        ] GC(3) User=0.01s Sys=0.00s Real=0.01s
[2022-02-18T21:07:02.790+0700][gc,start      ] GC(4) Pause Young (Concurrent Start) (Metadata GC Threshold)
[2022-02-18T21:07:02.790+0700][gc,task       ] GC(4) Using 1 workers of 1 for evacuation
[2022-02-18T21:07:02.801+0700][gc,phases     ] GC(4)   Pre Evacuate Collection Set: 0.1ms
[2022-02-18T21:07:02.801+0700][gc,phases     ] GC(4)   Evacuate Collection Set: 10.8ms
[2022-02-18T21:07:02.801+0700][gc,phases     ] GC(4)   Post Evacuate Collection Set: 0.3ms
[2022-02-18T21:07:02.801+0700][gc,phases     ] GC(4)   Other: 0.2ms
[2022-02-18T21:07:02.801+0700][gc,heap       ] GC(4) Eden regions: 24->0(45)
[2022-02-18T21:07:02.801+0700][gc,heap       ] GC(4) Survivor regions: 4->6(7)
[2022-02-18T21:07:02.801+0700][gc,heap       ] GC(4) Old regions: 7->8
[2022-02-18T21:07:02.801+0700][gc,heap       ] GC(4) Humongous regions: 129->129
[2022-02-18T21:07:02.801+0700][gc,metaspace  ] GC(4) Metaspace: 34448K->34448K(1081344K)
[2022-02-18T21:07:02.801+0700][gc            ] GC(4) Pause Young (Concurrent Start) (Metadata GC Threshold) 163M->142M(1024M) 11.446ms
[2022-02-18T21:07:02.801+0700][gc,cpu        ] GC(4) User=0.01s Sys=0.00s Real=0.01s
[2022-02-18T21:07:02.802+0700][gc            ] GC(5) Concurrent Cycle
[2022-02-18T21:07:02.802+0700][gc,marking    ] GC(5) Concurrent Clear Claimed Marks
[2022-02-18T21:07:02.802+0700][gc,marking    ] GC(5) Concurrent Clear Claimed Marks 0.109ms
[2022-02-18T21:07:02.802+0700][gc,marking    ] GC(5) Concurrent Scan Root Regions
[2022-02-18T21:07:02.809+0700][gc,marking    ] GC(5) Concurrent Scan Root Regions 6.909ms
[2022-02-18T21:07:02.809+0700][gc,marking    ] GC(5) Concurrent Mark (3.996s)
[2022-02-18T21:07:02.809+0700][gc,marking    ] GC(5) Concurrent Mark From Roots
[2022-02-18T21:07:02.809+0700][gc,task       ] GC(5) Using 1 workers of 1 for marking
[2022-02-18T21:07:02.853+0700][gc,marking    ] GC(5) Concurrent Mark From Roots 44.489ms
[2022-02-18T21:07:02.853+0700][gc,marking    ] GC(5) Concurrent Preclean
[2022-02-18T21:07:02.853+0700][gc,marking    ] GC(5) Concurrent Preclean 0.061ms
[2022-02-18T21:07:02.853+0700][gc,marking    ] GC(5) Concurrent Mark (3.996s, 4.040s) 44.589ms
[2022-02-18T21:07:02.865+0700][gc,start      ] GC(5) Pause Remark
[2022-02-18T21:07:02.870+0700][gc,stringtable] GC(5) Cleaned string and symbol table, strings: 14511 processed, 12 removed, symbols: 83740 processed, 16 removed
[2022-02-18T21:07:02.870+0700][gc            ] GC(5) Pause Remark 144M->144M(1024M) 4.785ms
[2022-02-18T21:07:02.870+0700][gc,cpu        ] GC(5) User=0.00s Sys=0.00s Real=0.01s
[2022-02-18T21:07:02.870+0700][gc,marking    ] GC(5) Concurrent Rebuild Remembered Sets
[2022-02-18T21:07:02.902+0700][gc,marking    ] GC(5) Concurrent Rebuild Remembered Sets 32.214ms
[2022-02-18T21:07:02.903+0700][gc,start      ] GC(5) Pause Cleanup
[2022-02-18T21:07:02.903+0700][gc            ] GC(5) Pause Cleanup 146M->146M(1024M) 0.132ms
[2022-02-18T21:07:02.903+0700][gc,cpu        ] GC(5) User=0.00s Sys=0.00s Real=0.00s
[2022-02-18T21:07:02.903+0700][gc,marking    ] GC(5) Concurrent Cleanup for Next Mark
[2022-02-18T21:07:02.909+0700][gc,marking    ] GC(5) Concurrent Cleanup for Next Mark 6.497ms
[2022-02-18T21:07:02.909+0700][gc            ] GC(5) Concurrent Cycle 107.778ms
[2022-02-18T21:15:26.338+0700][gc,heap,exit  ] Heap
[2022-02-18T21:15:26.339+0700][gc,heap,exit  ]  garbage-first heap   total 1048576K, used 175163K [0x00000000c0000000, 0x0000000100000000)
[2022-02-18T21:15:26.339+0700][gc,heap,exit  ]   region size 1024K, 37 young (37888K), 6 survivors (6144K)
[2022-02-18T21:15:26.339+0700][gc,heap,exit  ]  Metaspace       used 40004K, capacity 42117K, committed 42240K, reserved 1085440K
[2022-02-18T21:15:26.339+0700][gc,heap,exit  ]   class space    used 5528K, capacity 6597K, committed 6656K, reserved 1048576K
