[2022-02-18T21:47:01.012+0700][gc,heap] Heap region size: 1M
[2022-02-18T21:47:01.019+0700][gc     ] Using G1
[2022-02-18T21:47:01.019+0700][gc,heap,coops] Heap address: 0x00000000c0000000, size: 1024 MB, Compressed Oops mode: 32-bit
[2022-02-18T21:47:02.695+0700][gc,start     ] GC(0) Pause Young (Normal) (G1 Evacuation Pause)
[2022-02-18T21:47:02.695+0700][gc,task      ] GC(0) Using 1 workers of 1 for evacuation
[2022-02-18T21:47:02.724+0700][gc,mmu       ] GC(0) MMU target violated: 21.0ms (20.0ms/21.0ms)
[2022-02-18T21:47:02.724+0700][gc,phases    ] GC(0)   Pre Evacuate Collection Set: 0.0ms
[2022-02-18T21:47:02.724+0700][gc,phases    ] GC(0)   Evacuate Collection Set: 28.0ms
[2022-02-18T21:47:02.724+0700][gc,phases    ] GC(0)   Post Evacuate Collection Set: 0.5ms
[2022-02-18T21:47:02.724+0700][gc,phases    ] GC(0)   Other: 4.2ms
[2022-02-18T21:47:02.724+0700][gc,heap      ] GC(0) Eden regions: 51->0(44)
[2022-02-18T21:47:02.724+0700][gc,heap      ] GC(0) Survivor regions: 0->7(7)
[2022-02-18T21:47:02.724+0700][gc,heap      ] GC(0) Old regions: 0->1
[2022-02-18T21:47:02.724+0700][gc,heap      ] GC(0) Humongous regions: 0->0
[2022-02-18T21:47:02.724+0700][gc,metaspace ] GC(0) Metaspace: 15325K->15325K(1062912K)
[2022-02-18T21:47:02.724+0700][gc           ] GC(0) Pause Young (Normal) (G1 Evacuation Pause) 51M->7M(1024M) 28.854ms
[2022-02-18T21:47:02.724+0700][gc,cpu       ] GC(0) User=0.01s Sys=0.00s Real=0.03s
[2022-02-18T21:47:03.278+0700][gc,start     ] GC(1) Pause Young (Concurrent Start) (Metadata GC Threshold)
[2022-02-18T21:47:03.278+0700][gc,task      ] GC(1) Using 1 workers of 1 for evacuation
[2022-02-18T21:47:03.310+0700][gc,mmu       ] GC(1) MMU target violated: 21.0ms (20.0ms/21.0ms)
[2022-02-18T21:47:03.310+0700][gc,phases    ] GC(1)   Pre Evacuate Collection Set: 0.1ms
[2022-02-18T21:47:03.310+0700][gc,phases    ] GC(1)   Evacuate Collection Set: 31.2ms
[2022-02-18T21:47:03.310+0700][gc,phases    ] GC(1)   Post Evacuate Collection Set: 0.3ms
[2022-02-18T21:47:03.310+0700][gc,phases    ] GC(1)   Other: 0.2ms
[2022-02-18T21:47:03.310+0700][gc,heap      ] GC(1) Eden regions: 22->0(50)
[2022-02-18T21:47:03.310+0700][gc,heap      ] GC(1) Survivor regions: 7->1(7)
[2022-02-18T21:47:03.310+0700][gc,heap      ] GC(1) Old regions: 1->8
[2022-02-18T21:47:03.310+0700][gc,heap      ] GC(1) Humongous regions: 0->0
[2022-02-18T21:47:03.310+0700][gc,metaspace ] GC(1) Metaspace: 20551K->20551K(1067008K)
[2022-02-18T21:47:03.310+0700][gc           ] GC(1) Pause Young (Concurrent Start) (Metadata GC Threshold) 28M->8M(1024M) 31.763ms
[2022-02-18T21:47:03.310+0700][gc,cpu       ] GC(1) User=0.01s Sys=0.00s Real=0.04s
[2022-02-18T21:47:03.310+0700][gc           ] GC(2) Concurrent Cycle
[2022-02-18T21:47:03.310+0700][gc,marking   ] GC(2) Concurrent Clear Claimed Marks
[2022-02-18T21:47:03.310+0700][gc,marking   ] GC(2) Concurrent Clear Claimed Marks 0.035ms
[2022-02-18T21:47:03.310+0700][gc,marking   ] GC(2) Concurrent Scan Root Regions
[2022-02-18T21:47:03.310+0700][gc,marking   ] GC(2) Concurrent Scan Root Regions 0.592ms
[2022-02-18T21:47:03.310+0700][gc,marking   ] GC(2) Concurrent Mark (2.301s)
[2022-02-18T21:47:03.310+0700][gc,marking   ] GC(2) Concurrent Mark From Roots
[2022-02-18T21:47:03.310+0700][gc,task      ] GC(2) Using 1 workers of 1 for marking
[2022-02-18T21:47:03.346+0700][gc,marking   ] GC(2) Concurrent Mark From Roots 35.722ms
[2022-02-18T21:47:03.346+0700][gc,marking   ] GC(2) Concurrent Preclean
[2022-02-18T21:47:03.346+0700][gc,marking   ] GC(2) Concurrent Preclean 0.060ms
[2022-02-18T21:47:03.346+0700][gc,marking   ] GC(2) Concurrent Mark (2.301s, 2.337s) 35.828ms
[2022-02-18T21:47:03.346+0700][gc,start     ] GC(2) Pause Remark
[2022-02-18T21:47:03.349+0700][gc,stringtable] GC(2) Cleaned string and symbol table, strings: 8942 processed, 12 removed, symbols: 50794 processed, 58 removed
[2022-02-18T21:47:03.351+0700][gc            ] GC(2) Pause Remark 9M->9M(1024M) 4.506ms
[2022-02-18T21:47:03.351+0700][gc,cpu        ] GC(2) User=0.00s Sys=0.00s Real=0.01s
[2022-02-18T21:47:03.351+0700][gc,marking    ] GC(2) Concurrent Rebuild Remembered Sets
[2022-02-18T21:47:03.382+0700][gc,marking    ] GC(2) Concurrent Rebuild Remembered Sets 31.448ms
[2022-02-18T21:47:03.382+0700][gc,start      ] GC(2) Pause Cleanup
[2022-02-18T21:47:03.383+0700][gc            ] GC(2) Pause Cleanup 9M->9M(1024M) 0.110ms
[2022-02-18T21:47:03.383+0700][gc,cpu        ] GC(2) User=0.00s Sys=0.00s Real=0.00s
[2022-02-18T21:47:03.383+0700][gc,marking    ] GC(2) Concurrent Cleanup for Next Mark
[2022-02-18T21:47:03.404+0700][gc,marking    ] GC(2) Concurrent Cleanup for Next Mark 21.619ms
[2022-02-18T21:47:03.404+0700][gc            ] GC(2) Concurrent Cycle 94.559ms
[2022-02-18T21:47:04.717+0700][gc,start      ] GC(3) Pause Young (Normal) (G1 Evacuation Pause)
[2022-02-18T21:47:04.717+0700][gc,task       ] GC(3) Using 1 workers of 1 for evacuation
[2022-02-18T21:47:04.737+0700][gc,phases     ] GC(3)   Pre Evacuate Collection Set: 0.0ms
[2022-02-18T21:47:04.737+0700][gc,phases     ] GC(3)   Evacuate Collection Set: 19.5ms
[2022-02-18T21:47:04.737+0700][gc,phases     ] GC(3)   Post Evacuate Collection Set: 0.2ms
[2022-02-18T21:47:04.737+0700][gc,phases     ] GC(3)   Other: 0.1ms
[2022-02-18T21:47:04.737+0700][gc,heap       ] GC(3) Eden regions: 50->0(47)
[2022-02-18T21:47:04.737+0700][gc,heap       ] GC(3) Survivor regions: 1->4(7)
[2022-02-18T21:47:04.737+0700][gc,heap       ] GC(3) Old regions: 8->8
[2022-02-18T21:47:04.737+0700][gc,heap       ] GC(3) Humongous regions: 129->129
[2022-02-18T21:47:04.737+0700][gc,metaspace  ] GC(3) Metaspace: 29385K->29385K(1075200K)
[2022-02-18T21:47:04.737+0700][gc            ] GC(3) Pause Young (Normal) (G1 Evacuation Pause) 187M->139M(1024M) 19.966ms
[2022-02-18T21:47:04.737+0700][gc,cpu        ] GC(3) User=0.00s Sys=0.01s Real=0.02s
[2022-02-18T21:47:05.630+0700][gc,start      ] GC(4) Pause Young (Concurrent Start) (Metadata GC Threshold)
[2022-02-18T21:47:05.630+0700][gc,task       ] GC(4) Using 1 workers of 1 for evacuation
[2022-02-18T21:47:05.646+0700][gc,phases     ] GC(4)   Pre Evacuate Collection Set: 0.1ms
[2022-02-18T21:47:05.646+0700][gc,phases     ] GC(4)   Evacuate Collection Set: 15.4ms
[2022-02-18T21:47:05.646+0700][gc,phases     ] GC(4)   Post Evacuate Collection Set: 0.3ms
[2022-02-18T21:47:05.646+0700][gc,phases     ] GC(4)   Other: 0.2ms
[2022-02-18T21:47:05.646+0700][gc,heap       ] GC(4) Eden regions: 24->0(45)
[2022-02-18T21:47:05.646+0700][gc,heap       ] GC(4) Survivor regions: 4->6(7)
[2022-02-18T21:47:05.646+0700][gc,heap       ] GC(4) Old regions: 8->8
[2022-02-18T21:47:05.646+0700][gc,heap       ] GC(4) Humongous regions: 129->129
[2022-02-18T21:47:05.646+0700][gc,metaspace  ] GC(4) Metaspace: 34430K->34430K(1081344K)
[2022-02-18T21:47:05.646+0700][gc            ] GC(4) Pause Young (Concurrent Start) (Metadata GC Threshold) 163M->142M(1024M) 16.065ms
[2022-02-18T21:47:05.646+0700][gc,cpu        ] GC(4) User=0.01s Sys=0.00s Real=0.01s
[2022-02-18T21:47:05.646+0700][gc            ] GC(5) Concurrent Cycle
[2022-02-18T21:47:05.646+0700][gc,marking    ] GC(5) Concurrent Clear Claimed Marks
[2022-02-18T21:47:05.646+0700][gc,marking    ] GC(5) Concurrent Clear Claimed Marks 0.132ms
[2022-02-18T21:47:05.646+0700][gc,marking    ] GC(5) Concurrent Scan Root Regions
[2022-02-18T21:47:05.650+0700][gc,marking    ] GC(5) Concurrent Scan Root Regions 4.426ms
[2022-02-18T21:47:05.650+0700][gc,marking    ] GC(5) Concurrent Mark (4.641s)
[2022-02-18T21:47:05.650+0700][gc,marking    ] GC(5) Concurrent Mark From Roots
[2022-02-18T21:47:05.650+0700][gc,task       ] GC(5) Using 1 workers of 1 for marking
[2022-02-18T21:47:05.712+0700][gc,marking    ] GC(5) Concurrent Mark From Roots 61.516ms
[2022-02-18T21:47:05.712+0700][gc,marking    ] GC(5) Concurrent Preclean
[2022-02-18T21:47:05.712+0700][gc,marking    ] GC(5) Concurrent Preclean 0.054ms
[2022-02-18T21:47:05.712+0700][gc,marking    ] GC(5) Concurrent Mark (4.641s, 4.702s) 61.608ms
[2022-02-18T21:47:05.721+0700][gc,start      ] GC(5) Pause Remark
[2022-02-18T21:47:05.726+0700][gc,stringtable] GC(5) Cleaned string and symbol table, strings: 14552 processed, 0 removed, symbols: 83776 processed, 16 removed
[2022-02-18T21:47:05.726+0700][gc            ] GC(5) Pause Remark 145M->145M(1024M) 5.327ms
[2022-02-18T21:47:05.726+0700][gc,cpu        ] GC(5) User=0.01s Sys=0.00s Real=0.00s
[2022-02-18T21:47:05.727+0700][gc,marking    ] GC(5) Concurrent Rebuild Remembered Sets
[2022-02-18T21:47:05.749+0700][gc,marking    ] GC(5) Concurrent Rebuild Remembered Sets 22.159ms
[2022-02-18T21:47:05.751+0700][gc,start      ] GC(5) Pause Cleanup
[2022-02-18T21:47:05.751+0700][gc            ] GC(5) Pause Cleanup 146M->146M(1024M) 0.130ms
[2022-02-18T21:47:05.751+0700][gc,cpu        ] GC(5) User=0.00s Sys=0.00s Real=0.00s
[2022-02-18T21:47:05.751+0700][gc,marking    ] GC(5) Concurrent Cleanup for Next Mark
[2022-02-18T21:47:05.776+0700][gc,marking    ] GC(5) Concurrent Cleanup for Next Mark 25.048ms
[2022-02-18T21:47:05.776+0700][gc            ] GC(5) Concurrent Cycle 130.699ms
[2022-02-18T21:51:47.212+0700][gc,start      ] GC(6) Pause Young (Normal) (G1 Evacuation Pause)
[2022-02-18T21:51:47.213+0700][gc,task       ] GC(6) Using 1 workers of 1 for evacuation
[2022-02-18T21:51:47.259+0700][gc,mmu        ] GC(6) MMU target violated: 21.0ms (20.0ms/21.0ms)
[2022-02-18T21:51:47.259+0700][gc,phases     ] GC(6)   Pre Evacuate Collection Set: 0.0ms
[2022-02-18T21:51:47.259+0700][gc,phases     ] GC(6)   Evacuate Collection Set: 44.4ms
[2022-02-18T21:51:47.259+0700][gc,phases     ] GC(6)   Post Evacuate Collection Set: 1.6ms
[2022-02-18T21:51:47.259+0700][gc,phases     ] GC(6)   Other: 1.6ms
[2022-02-18T21:51:47.259+0700][gc,heap       ] GC(6) Eden regions: 45->0(46)
[2022-02-18T21:51:47.259+0700][gc,heap       ] GC(6) Survivor regions: 6->5(7)
[2022-02-18T21:51:47.259+0700][gc,heap       ] GC(6) Old regions: 8->11
[2022-02-18T21:51:47.259+0700][gc,heap       ] GC(6) Humongous regions: 129->129
[2022-02-18T21:51:47.259+0700][gc,metaspace  ] GC(6) Metaspace: 41001K->41001K(1085440K)
[2022-02-18T21:51:47.260+0700][gc            ] GC(6) Pause Young (Normal) (G1 Evacuation Pause) 187M->144M(1024M) 47.677ms
[2022-02-18T21:51:47.260+0700][gc,cpu        ] GC(6) User=0.05s Sys=0.00s Real=0.05s
