[2022-02-18T21:27:34.513+0700][gc,heap] Heap region size: 1M
[2022-02-18T21:27:34.519+0700][gc     ] Using G1
[2022-02-18T21:27:34.519+0700][gc,heap,coops] Heap address: 0x00000000c0000000, size: 1024 MB, Compressed Oops mode: 32-bit
[2022-02-18T21:27:36.076+0700][gc,start     ] GC(0) Pause Young (Normal) (G1 Evacuation Pause)
[2022-02-18T21:27:36.076+0700][gc,task      ] GC(0) Using 1 workers of 1 for evacuation
[2022-02-18T21:27:36.117+0700][gc,mmu       ] GC(0) MMU target violated: 21.0ms (20.0ms/21.0ms)
[2022-02-18T21:27:36.117+0700][gc,phases    ] GC(0)   Pre Evacuate Collection Set: 0.0ms
[2022-02-18T21:27:36.117+0700][gc,phases    ] GC(0)   Evacuate Collection Set: 34.3ms
[2022-02-18T21:27:36.117+0700][gc,phases    ] GC(0)   Post Evacuate Collection Set: 7.3ms
[2022-02-18T21:27:36.117+0700][gc,phases    ] GC(0)   Other: 0.2ms
[2022-02-18T21:27:36.117+0700][gc,heap      ] GC(0) Eden regions: 51->0(44)
[2022-02-18T21:27:36.117+0700][gc,heap      ] GC(0) Survivor regions: 0->7(7)
[2022-02-18T21:27:36.117+0700][gc,heap      ] GC(0) Old regions: 0->0
[2022-02-18T21:27:36.117+0700][gc,heap      ] GC(0) Humongous regions: 0->0
[2022-02-18T21:27:36.117+0700][gc,metaspace ] GC(0) Metaspace: 15380K->15380K(1062912K)
[2022-02-18T21:27:36.117+0700][gc           ] GC(0) Pause Young (Normal) (G1 Evacuation Pause) 51M->6M(1024M) 41.887ms
[2022-02-18T21:27:36.117+0700][gc,cpu       ] GC(0) User=0.01s Sys=0.00s Real=0.04s
[2022-02-18T21:27:36.622+0700][gc,start     ] GC(1) Pause Young (Concurrent Start) (Metadata GC Threshold)
[2022-02-18T21:27:36.622+0700][gc,task      ] GC(1) Using 1 workers of 1 for evacuation
[2022-02-18T21:27:36.647+0700][gc,mmu       ] GC(1) MMU target violated: 21.0ms (20.0ms/21.0ms)
[2022-02-18T21:27:36.647+0700][gc,phases    ] GC(1)   Pre Evacuate Collection Set: 0.1ms
[2022-02-18T21:27:36.647+0700][gc,phases    ] GC(1)   Evacuate Collection Set: 24.2ms
[2022-02-18T21:27:36.647+0700][gc,phases    ] GC(1)   Post Evacuate Collection Set: 0.2ms
[2022-02-18T21:27:36.647+0700][gc,phases    ] GC(1)   Other: 0.2ms
[2022-02-18T21:27:36.647+0700][gc,heap      ] GC(1) Eden regions: 21->0(50)
[2022-02-18T21:27:36.647+0700][gc,heap      ] GC(1) Survivor regions: 7->1(7)
[2022-02-18T21:27:36.647+0700][gc,heap      ] GC(1) Old regions: 0->7
[2022-02-18T21:27:36.647+0700][gc,heap      ] GC(1) Humongous regions: 0->0
[2022-02-18T21:27:36.647+0700][gc,metaspace ] GC(1) Metaspace: 20550K->20550K(1067008K)
[2022-02-18T21:27:36.647+0700][gc           ] GC(1) Pause Young (Concurrent Start) (Metadata GC Threshold) 27M->7M(1024M) 24.798ms
[2022-02-18T21:27:36.647+0700][gc,cpu       ] GC(1) User=0.01s Sys=0.01s Real=0.02s
[2022-02-18T21:27:36.647+0700][gc           ] GC(2) Concurrent Cycle
[2022-02-18T21:27:36.647+0700][gc,marking   ] GC(2) Concurrent Clear Claimed Marks
[2022-02-18T21:27:36.647+0700][gc,marking   ] GC(2) Concurrent Clear Claimed Marks 0.063ms
[2022-02-18T21:27:36.647+0700][gc,marking   ] GC(2) Concurrent Scan Root Regions
[2022-02-18T21:27:36.650+0700][gc,marking   ] GC(2) Concurrent Scan Root Regions 2.703ms
[2022-02-18T21:27:36.650+0700][gc,marking   ] GC(2) Concurrent Mark (2.139s)
[2022-02-18T21:27:36.650+0700][gc,marking   ] GC(2) Concurrent Mark From Roots
[2022-02-18T21:27:36.650+0700][gc,task      ] GC(2) Using 1 workers of 1 for marking
[2022-02-18T21:27:36.668+0700][gc,marking   ] GC(2) Concurrent Mark From Roots 18.565ms
[2022-02-18T21:27:36.668+0700][gc,marking   ] GC(2) Concurrent Preclean
[2022-02-18T21:27:36.668+0700][gc,marking   ] GC(2) Concurrent Preclean 0.093ms
[2022-02-18T21:27:36.668+0700][gc,marking   ] GC(2) Concurrent Mark (2.139s, 2.157s) 18.712ms
[2022-02-18T21:27:36.671+0700][gc,start     ] GC(2) Pause Remark
[2022-02-18T21:27:36.674+0700][gc,stringtable] GC(2) Cleaned string and symbol table, strings: 8877 processed, 0 removed, symbols: 50636 processed, 57 removed
[2022-02-18T21:27:36.674+0700][gc            ] GC(2) Pause Remark 8M->8M(1024M) 3.190ms
[2022-02-18T21:27:36.674+0700][gc,cpu        ] GC(2) User=0.00s Sys=0.00s Real=0.00s
[2022-02-18T21:27:36.674+0700][gc,marking    ] GC(2) Concurrent Rebuild Remembered Sets
[2022-02-18T21:27:36.693+0700][gc,marking    ] GC(2) Concurrent Rebuild Remembered Sets 19.507ms
[2022-02-18T21:27:36.693+0700][gc,start      ] GC(2) Pause Cleanup
[2022-02-18T21:27:36.694+0700][gc            ] GC(2) Pause Cleanup 8M->8M(1024M) 0.141ms
[2022-02-18T21:27:36.694+0700][gc,cpu        ] GC(2) User=0.00s Sys=0.00s Real=0.00s
[2022-02-18T21:27:36.694+0700][gc,marking    ] GC(2) Concurrent Cleanup for Next Mark
[2022-02-18T21:27:36.733+0700][gc,marking    ] GC(2) Concurrent Cleanup for Next Mark 39.094ms
[2022-02-18T21:27:36.733+0700][gc            ] GC(2) Concurrent Cycle 85.974ms
[2022-02-18T21:27:38.036+0700][gc,start      ] GC(3) Pause Young (Normal) (G1 Evacuation Pause)
[2022-02-18T21:27:38.036+0700][gc,task       ] GC(3) Using 1 workers of 1 for evacuation
[2022-02-18T21:27:38.043+0700][gc,phases     ] GC(3)   Pre Evacuate Collection Set: 0.0ms
[2022-02-18T21:27:38.043+0700][gc,phases     ] GC(3)   Evacuate Collection Set: 6.6ms
[2022-02-18T21:27:38.043+0700][gc,phases     ] GC(3)   Post Evacuate Collection Set: 0.2ms
[2022-02-18T21:27:38.043+0700][gc,phases     ] GC(3)   Other: 0.1ms
[2022-02-18T21:27:38.043+0700][gc,heap       ] GC(3) Eden regions: 50->0(47)
[2022-02-18T21:27:38.043+0700][gc,heap       ] GC(3) Survivor regions: 1->4(7)
[2022-02-18T21:27:38.043+0700][gc,heap       ] GC(3) Old regions: 7->7
[2022-02-18T21:27:38.043+0700][gc,heap       ] GC(3) Humongous regions: 129->129
[2022-02-18T21:27:38.043+0700][gc,metaspace  ] GC(3) Metaspace: 29813K->29813K(1075200K)
[2022-02-18T21:27:38.043+0700][gc            ] GC(3) Pause Young (Normal) (G1 Evacuation Pause) 186M->139M(1024M) 7.084ms
[2022-02-18T21:27:38.043+0700][gc,cpu        ] GC(3) User=0.01s Sys=0.00s Real=0.01s
[2022-02-18T21:27:38.938+0700][gc,start      ] GC(4) Pause Young (Concurrent Start) (Metadata GC Threshold)
[2022-02-18T21:27:38.938+0700][gc,task       ] GC(4) Using 1 workers of 1 for evacuation
[2022-02-18T21:27:38.959+0700][gc,mmu        ] GC(4) MMU target violated: 21.0ms (20.0ms/21.0ms)
[2022-02-18T21:27:38.959+0700][gc,phases     ] GC(4)   Pre Evacuate Collection Set: 0.1ms
[2022-02-18T21:27:38.959+0700][gc,phases     ] GC(4)   Evacuate Collection Set: 21.1ms
[2022-02-18T21:27:38.959+0700][gc,phases     ] GC(4)   Post Evacuate Collection Set: 0.3ms
[2022-02-18T21:27:38.959+0700][gc,phases     ] GC(4)   Other: 0.2ms
[2022-02-18T21:27:38.959+0700][gc,heap       ] GC(4) Eden regions: 25->0(45)
[2022-02-18T21:27:38.959+0700][gc,heap       ] GC(4) Survivor regions: 4->6(7)
[2022-02-18T21:27:38.959+0700][gc,heap       ] GC(4) Old regions: 7->7
[2022-02-18T21:27:38.959+0700][gc,heap       ] GC(4) Humongous regions: 129->129
[2022-02-18T21:27:38.959+0700][gc,metaspace  ] GC(4) Metaspace: 34391K->34391K(1079296K)
[2022-02-18T21:27:38.959+0700][gc            ] GC(4) Pause Young (Concurrent Start) (Metadata GC Threshold) 164M->141M(1024M) 21.857ms
[2022-02-18T21:27:38.959+0700][gc,cpu        ] GC(4) User=0.02s Sys=0.00s Real=0.02s
[2022-02-18T21:27:38.960+0700][gc            ] GC(5) Concurrent Cycle
[2022-02-18T21:27:38.960+0700][gc,marking    ] GC(5) Concurrent Clear Claimed Marks
[2022-02-18T21:27:38.960+0700][gc,marking    ] GC(5) Concurrent Clear Claimed Marks 0.142ms
[2022-02-18T21:27:38.960+0700][gc,marking    ] GC(5) Concurrent Scan Root Regions
[2022-02-18T21:27:38.967+0700][gc,marking    ] GC(5) Concurrent Scan Root Regions 7.399ms
[2022-02-18T21:27:38.967+0700][gc,marking    ] GC(5) Concurrent Mark (4.456s)
[2022-02-18T21:27:38.967+0700][gc,marking    ] GC(5) Concurrent Mark From Roots
[2022-02-18T21:27:38.967+0700][gc,task       ] GC(5) Using 1 workers of 1 for marking
[2022-02-18T21:27:39.005+0700][gc,marking    ] GC(5) Concurrent Mark From Roots 37.544ms
[2022-02-18T21:27:39.005+0700][gc,marking    ] GC(5) Concurrent Preclean
[2022-02-18T21:27:39.005+0700][gc,marking    ] GC(5) Concurrent Preclean 0.065ms
[2022-02-18T21:27:39.005+0700][gc,marking    ] GC(5) Concurrent Mark (4.456s, 4.494s) 37.657ms
[2022-02-18T21:27:39.008+0700][gc,start      ] GC(5) Pause Remark
[2022-02-18T21:27:39.013+0700][gc,stringtable] GC(5) Cleaned string and symbol table, strings: 14355 processed, 12 removed, symbols: 81854 processed, 17 removed
[2022-02-18T21:27:39.014+0700][gc            ] GC(5) Pause Remark 143M->143M(1024M) 5.196ms
[2022-02-18T21:27:39.014+0700][gc,cpu        ] GC(5) User=0.01s Sys=0.00s Real=0.01s
[2022-02-18T21:27:39.014+0700][gc,marking    ] GC(5) Concurrent Rebuild Remembered Sets
[2022-02-18T21:27:39.032+0700][gc,marking    ] GC(5) Concurrent Rebuild Remembered Sets 18.412ms
[2022-02-18T21:27:39.032+0700][gc,start      ] GC(5) Pause Cleanup
[2022-02-18T21:27:39.032+0700][gc            ] GC(5) Pause Cleanup 144M->144M(1024M) 0.135ms
[2022-02-18T21:27:39.032+0700][gc,cpu        ] GC(5) User=0.00s Sys=0.00s Real=0.00s
[2022-02-18T21:27:39.032+0700][gc,marking    ] GC(5) Concurrent Cleanup for Next Mark
[2022-02-18T21:27:39.055+0700][gc,marking    ] GC(5) Concurrent Cleanup for Next Mark 23.065ms
[2022-02-18T21:27:39.056+0700][gc            ] GC(5) Concurrent Cycle 96.009ms
[2022-02-18T21:36:09.161+0700][gc,start      ] GC(6) Pause Young (Normal) (G1 Evacuation Pause)
[2022-02-18T21:36:09.162+0700][gc,task       ] GC(6) Using 1 workers of 1 for evacuation
[2022-02-18T21:36:09.235+0700][gc,mmu        ] GC(6) MMU target violated: 21.0ms (20.0ms/21.0ms)
[2022-02-18T21:36:09.235+0700][gc,phases     ] GC(6)   Pre Evacuate Collection Set: 0.3ms
[2022-02-18T21:36:09.235+0700][gc,phases     ] GC(6)   Evacuate Collection Set: 71.9ms
[2022-02-18T21:36:09.235+0700][gc,phases     ] GC(6)   Post Evacuate Collection Set: 0.7ms
[2022-02-18T21:36:09.235+0700][gc,phases     ] GC(6)   Other: 1.0ms
[2022-02-18T21:36:09.235+0700][gc,heap       ] GC(6) Eden regions: 45->0(46)
[2022-02-18T21:36:09.235+0700][gc,heap       ] GC(6) Survivor regions: 6->5(7)
[2022-02-18T21:36:09.235+0700][gc,heap       ] GC(6) Old regions: 7->11
[2022-02-18T21:36:09.235+0700][gc,heap       ] GC(6) Humongous regions: 129->129
[2022-02-18T21:36:09.235+0700][gc,metaspace  ] GC(6) Metaspace: 41289K->41289K(1085440K)
[2022-02-18T21:36:09.235+0700][gc            ] GC(6) Pause Young (Normal) (G1 Evacuation Pause) 186M->144M(1024M) 73.943ms
[2022-02-18T21:36:09.235+0700][gc,cpu        ] GC(6) User=0.04s Sys=0.00s Real=0.07s
