[2022-02-18T20:56:45.516+0700][gc,heap] Heap region size: 1M
[2022-02-18T20:56:45.520+0700][gc     ] Using G1
[2022-02-18T20:56:45.520+0700][gc,heap,coops] Heap address: 0x00000000e0000000, size: 512 MB, Compressed Oops mode: 32-bit
[2022-02-18T20:56:46.835+0700][gc,start     ] GC(0) Pause Young (Normal) (G1 Evacuation Pause)
[2022-02-18T20:56:46.835+0700][gc,task      ] GC(0) Using 1 workers of 1 for evacuation
[2022-02-18T20:56:46.861+0700][gc,mmu       ] GC(0) MMU target violated: 21.0ms (20.0ms/21.0ms)
[2022-02-18T20:56:46.861+0700][gc,phases    ] GC(0)   Pre Evacuate Collection Set: 0.0ms
[2022-02-18T20:56:46.861+0700][gc,phases    ] GC(0)   Evacuate Collection Set: 25.6ms
[2022-02-18T20:56:46.861+0700][gc,phases    ] GC(0)   Post Evacuate Collection Set: 0.5ms
[2022-02-18T20:56:46.861+0700][gc,phases    ] GC(0)   Other: 0.2ms
[2022-02-18T20:56:46.861+0700][gc,heap      ] GC(0) Eden regions: 25->0(21)
[2022-02-18T20:56:46.861+0700][gc,heap      ] GC(0) Survivor regions: 0->4(4)
[2022-02-18T20:56:46.861+0700][gc,heap      ] GC(0) Old regions: 0->4
[2022-02-18T20:56:46.861+0700][gc,heap      ] GC(0) Humongous regions: 0->0
[2022-02-18T20:56:46.861+0700][gc,metaspace ] GC(0) Metaspace: 7876K->7876K(1056768K)
[2022-02-18T20:56:46.861+0700][gc           ] GC(0) Pause Young (Normal) (G1 Evacuation Pause) 25M->7M(512M) 26.264ms
[2022-02-18T20:56:46.861+0700][gc,cpu       ] GC(0) User=0.00s Sys=0.01s Real=0.03s
[2022-02-18T21:18:59.602+0700][gc,heap,exit ] Heap
[2022-02-18T21:18:59.602+0700][gc,heap,exit ]  garbage-first heap   total 524288K, used 14809K [0x00000000e0000000, 0x0000000100000000)
[2022-02-18T21:18:59.602+0700][gc,heap,exit ]   region size 1024K, 12 young (12288K), 4 survivors (4096K)
[2022-02-18T21:18:59.602+0700][gc,heap,exit ]  Metaspace       used 9092K, capacity 9490K, committed 9728K, reserved 1058816K
[2022-02-18T21:18:59.602+0700][gc,heap,exit ]   class space    used 986K, capacity 1155K, committed 1280K, reserved 1048576K
